<pre class="chroma"><code><span class="line"><span class="ln"> 1</span><span class="cl"><span class="kn">import</span> <span class="nn">math</span>
</span></span><span class="line"><span class="ln"> 2</span><span class="cl">
</span></span><span class="line"><span class="ln"> 3</span><span class="cl"><span class="k">def</span> <span class="nf">greet</span><span class="p">(</span><span class="n">name</span><span class="p">):</span>
</span></span><span class="line"><span class="ln"> 4</span><span class="cl">	<span class="nb">print</span><span class="p">(</span><span class="sa">f</span><span class="s2">&#34;Hello, </span><span class="si">{</span><span class="n">name</span><span class="si">}</span><span class="s2">!&#34;</span><span class="p">)</span>
</span></span><span class="line"><span class="ln"> 5</span><span class="cl">
</span></span><span class="line"><span class="ln"> 6</span><span class="cl"><span class="n">numbers</span> <span class="o">=</span> <span class="p">[</span><span class="mi">1</span><span class="p">,</span> <span class="mi">2</span><span class="p">,</span> <span class="mi">3</span><span class="p">,</span> <span class="mi">4</span><span class="p">,</span> <span class="mi">5</span><span class="p">]</span>
</span></span><span class="line"><span class="ln"> 7</span><span class="cl"><span class="n">squared_numbers</span> <span class="o">=</span> <span class="p">[</span><span class="n">math</span><span class="o">.</span><span class="n">pow</span><span class="p">(</span><span class="n">num</span><span class="p">,</span> <span class="mi">2</span><span class="p">)</span> <span class="k">for</span> <span class="n">num</span> <span class="ow">in</span> <span class="n">numbers</span><span class="p">]</span>
</span></span><span class="line"><span class="ln"> 8</span><span class="cl"><span class="nb">print</span><span class="p">(</span><span class="n">squared_numbers</span><span class="p">)</span>
</span></span><span class="line"><span class="ln"> 9</span><span class="cl">
</span></span><span class="line"><span class="ln">10</span><span class="cl"><span class="k">class</span> <span class="nc">Animal</span><span class="p">:</span>
</span></span><span class="line"><span class="ln">11</span><span class="cl">	<span class="k">def</span> <span class="fm">__init__</span><span class="p">(</span><span class="bp">self</span><span class="p">,</span> <span class="n">species</span><span class="p">,</span> <span class="n">sound</span><span class="p">):</span>
</span></span><span class="line"><span class="ln">12</span><span class="cl">		<span class="bp">self</span><span class="o">.</span><span class="n">species</span> <span class="o">=</span> <span class="n">species</span>
</span></span><span class="line"><span class="ln">13</span><span class="cl">		<span class="bp">self</span><span class="o">.</span><span class="n">sound</span> <span class="o">=</span> <span class="n">sound</span>
</span></span><span class="line"><span class="ln">14</span><span class="cl">
</span></span><span class="line"><span class="ln">15</span><span class="cl"><span class="n">cat</span> <span class="o">=</span> <span class="n">Animal</span><span class="p">(</span><span class="s2">&#34;Cat&#34;</span><span class="p">,</span> <span class="s2">&#34;Meow&#34;</span><span class="p">)</span>
</span></span><span class="line"><span class="ln">16</span><span class="cl"><span class="nb">print</span><span class="p">(</span><span class="sa">f</span><span class="s2">&#34;A </span><span class="si">{</span><span class="n">cat</span><span class="o">.</span><span class="n">species</span><span class="si">}</span><span class="s2"> says </span><span class="si">{</span><span class="n">cat</span><span class="o">.</span><span class="n">sound</span><span class="si">}</span><span class="s2">&#34;</span><span class="p">)</span>
</span></span><span class="line"><span class="ln">17</span><span class="cl">
</span></span><span class="line"><span class="ln">18</span><span class="cl"><span class="c1"># Simple Fibonacci sequence generator</span>
</span></span><span class="line"><span class="ln">19</span><span class="cl"><span class="k">def</span> <span class="nf">fibonacci</span><span class="p">(</span><span class="n">n</span><span class="p">):</span>
</span></span><span class="line"><span class="ln">20</span><span class="cl">	<span class="n">fib_sequence</span> <span class="o">=</span> <span class="p">[</span><span class="mi">0</span><span class="p">,</span> <span class="mi">1</span><span class="p">]</span>
</span></span><span class="line"><span class="ln">21</span><span class="cl">	<span class="k">while</span> <span class="nb">len</span><span class="p">(</span><span class="n">fib_sequence</span><span class="p">)</span> <span class="o">&lt;</span> <span class="n">n</span><span class="p">:</span>
</span></span><span class="line"><span class="ln">22</span><span class="cl">		<span class="n">fib_sequence</span><span class="o">.</span><span class="n">append</span><span class="p">(</span><span class="n">fib_sequence</span><span class="p">[</span><span class="o">-</span><span class="mi">1</span><span class="p">]</span> <span class="o">+</span> <span class="n">fib_sequence</span><span class="p">[</span><span class="o">-</span><span class="mi">2</span><span class="p">])</span>
</span></span><span class="line"><span class="ln">23</span><span class="cl">	<span class="nb">print</span><span class="p">(</span><span class="n">fib_sequence</span><span class="p">)</span>
</span></span><span class="line"><span class="ln">24</span><span class="cl">
</span></span><span class="line"><span class="ln">25</span><span class="cl"><span class="n">fibonacci</span><span class="p">(</span><span class="mi">10</span><span class="p">)</span>
</span></span></code></pre>