<pre style="background-color:#fff;"><code><span style="display:flex;"><span>{<span style="color:#000080">&#34;name&#34;</span>: <span style="color:#d14">&#34;John&#34;</span>, <span style="color:#000080">&#34;age&#34;</span>: <span style="color:#099">30</span>, <span style="color:#000080">&#34;car&#34;</span>: <span style="color:#000;font-weight:bold">null</span>}</span></span></code></pre>